// Jest Snapshot v1, https://goo.gl/fbAQLP

exports[`<App /> renders 1`] = `
<div
  className={undefined}
>
  <div
    className={undefined}
  >
    <p>
      Loading...
    </p>
  </div>
</div>
`;
